import { Inject, Injectable } from "@nestjs/common";
import { randomUUID } from "node:crypto";
import { Student } from "../domain/Student";
import { CreateStudentDto, PaginatedStudentResponseDto, StudentQueryDto, UpdateStudentDto } from "./dto/student.dto";
import { StudentRepository, STUDENT_REPOSITORY } from "./ports/studentRepository";

@Injectable()
export class StudentService {
  constructor(@Inject(STUDENT_REPOSITORY) private readonly repository: StudentRepository) {}

  async findAll(query: StudentQueryDto = {}): Promise<PaginatedStudentResponseDto> {
    const page = Math.max(Number(query.page ?? 1), 1);
    const limit = Math.max(Number(query.limit ?? 10), 1);
    const q = query.q?.toLowerCase();
    const records = (await this.repository.findAll()).filter((record) => !q || JSON.stringify(record).toLowerCase().includes(q));
    const start = (page - 1) * limit;

    return {
      data: records.slice(start, start + limit),
      meta: { page, limit, total: records.length }
    };
  }

  async findById(id: string): Promise<Student | undefined> {
    return this.repository.findById(id);
  }

  async create(input: CreateStudentDto): Promise<Student> {
    return this.repository.save({ id: randomUUID(), ...input });
  }

  async update(id: string, input: UpdateStudentDto): Promise<Student | undefined> {
    const current = await this.repository.findById(id);
    return current ? this.repository.save({ ...current, ...input, id }) : undefined;
  }

  async delete(id: string): Promise<boolean> {
    return this.repository.delete(id);
  }
}
