import { Body, Controller, Delete, Get, NotFoundException, Param, Post, Put, Query } from "@nestjs/common";
import { ApiResponse, ApiTags } from "@nestjs/swagger";
import { StudentService } from "../application/student.service";
import { CreateStudentDto, StudentQueryDto, UpdateStudentDto } from "../application/dto/student.dto";

@ApiTags("students")
@Controller("students")
export class StudentController {
  constructor(private readonly service: StudentService) {}

  @Get()
  @ApiResponse({ status: 200 })
  async findAll(@Query() query: StudentQueryDto) {
    return this.service.findAll(query);
  }

  @Get(":id")
  async findById(@Param("id") id: string) {
    const record = await this.service.findById(id);
    if (!record) throw new NotFoundException();
    return record;
  }

  @Post()
  async create(@Body() input: CreateStudentDto) {
    return this.service.create(input);
  }

  @Put(":id")
  async update(@Param("id") id: string, @Body() input: UpdateStudentDto) {
    const record = await this.service.update(id, input);
    if (!record) throw new NotFoundException();
    return record;
  }

  @Delete(":id")
  async delete(@Param("id") id: string) {
    if (!(await this.service.delete(id))) throw new NotFoundException();
  }
}
